#Sat Oct 07 18:37:03 CST 2017
turbine\:T=-
turbine\:S=-
consul-consumer\:T=-
consul-consumer\:S=-
hystrix-collapser-provider\:T=-
hystrix-collapser-provider\:S=-
intellij-plugin-demo\:T=-
intellij-plugin-demo\:S=-
maven.util\:T=-
Chapter2-1-1\:T=-
maven.util\:S=-
Chapter2-1-1\:S=-
eureka-consumer-ribbon-hystrix\:T=-
hystrix-dashboard\:T=-
Chapter4-4-2\:T=-
eureka-consumer-ribbon-hystrix\:S=-
hystrix-dashboard\:S=-
Chapter4-4-2\:S=-
turbine-amqp\:T=-
Chapter1\:T=-
turbine-amqp\:S=-
Chapter1\:S=-
eureka-server\:T=-
Chapter4-4-1\:T=-
eureka-server\:S=-
Chapter4-4-1\:S=-
org.ileler.untitled\:T=-
org.ileler.untitled\:S=-
intellij-plugin-macros\:T=-
intellij-plugin-macros\:S=-
api-gateway\:T=-
api-gateway\:S=-
Chapter6-2-1\:T=-
Chapter6-2-1\:S=-
eureka-feign-consumer\:T=-
eureka-feign-consumer\:S=-
Chapter4-3-1\:T=-
Chapter4-3-1\:S=-
api-gateway-with-eureka\:T=-
api-gateway-with-eureka\:S=-
Chapter4-2-5\:T=-
eureka-consumer\:T=-
Chapter4-2-5\:S=-
eureka-consumer\:S=-
Chapter4-2-4\:T=-
Chapter4-2-4\:S=-
spring-cloud\:T=-
Chapter4-2-3\:T=-
spring-cloud\:S=-
Chapter4-2-3\:S=-
config-client\:T=-
config-client\:S=-
Chapter4-2-2\:T=-
eureka-client\:T=-
Chapter4-2-2\:S=-
eureka-client\:S=-
Chapter3-2-8\:T=-
Chapter3-2-8\:S=-
eureka-consumer-feign-hystrix\:T=-
eureka-consumer-feign-hystrix\:S=-
intellij-plugin-deployres\:T=-
intellij-plugin-deployres\:S=-
Chapter3-2-7\:T=-
Chapter3-3-1\:T=-
eureka-feign-api\:T=-
Chapter3-2-7\:S=-
Chapter3-3-1\:S=-
eureka-feign-api\:S=-
Chapter3-2-5\:T=-
Chapter3-2-5\:S=-
Chapter3-2-4\:T=-
Chapter4-1-2\:T=-
Chapter3-2-4\:S=-
Chapter4-1-2\:S=-
Chapter3-2-3\:T=-
eureka-feign-client\:T=-
Chapter4-1-1\:T=-
Chapter3-2-3\:S=-
eureka-feign-client\:S=-
Chapter4-1-1\:S=-
Chapter3-2-2\:T=-
Chapter3-2-2\:S=-
zkui\:T=-
zkui\:S=-
Chapter3-2-1\:T=-
eureka-consumer-feign\:T=-
Chapter3-2-1\:S=-
eureka-consumer-feign\:S=-
Chapter3-1-6\:T=-
Chapter3-1-6\:S=-
config-server-git\:T=-
config-server-git\:S=-
consul-client\:T=-
consul-client\:S=-
Chapter3-1-2\:T=-
Chapter3-1-2\:S=-
eureka-consumer-ribbon\:T=-
hystrix-collapser-consumer\:T=-
eureka-consumer-ribbon\:S=-
hystrix-collapser-consumer\:S=-
Chapter3-1-1\:T=-
Chapter4-5-1\:T=-
Chapter3-1-1\:S=-
Chapter4-5-1\:S=-
